// Jest Snapshot v1, https://goo.gl/fbAQLP

exports[`DOM & HTML Snapshots 1`] = `
<div
  style={
    Object {
      "overflow": "auto",
    }
  }
>
  <h3
    className="slds-text-heading--medium slds-m-vertical--medium"
  >
    Default Fluid Layout
  </h3>
  <table
    className="slds-table slds-table--bordered slds-table--cell-buffer"
    id="DataTableExample-1-default"
    role={null}
  >
    <thead>
      <tr
        className="slds-text-title--caps"
      >
        <th
          aria-sort={null}
          className=""
          focusable={null}
          scope="col"
          style={null}
        >
          <div
            className="slds-truncate"
          >
            Opportunity Name
          </div>
        </th>
        <th
          aria-sort={null}
          className=""
          focusable={null}
          scope="col"
          style={null}
        >
          <div
            className="slds-truncate"
          >
            Account Name
          </div>
        </th>
        <th
          aria-sort={null}
          className=""
          focusable={null}
          scope="col"
          style={null}
        >
          <div
            className="slds-truncate"
          >
            Close Date
          </div>
        </th>
        <th
          aria-sort={null}
          className=""
          focusable={null}
          scope="col"
          style={null}
        >
          <div
            className="slds-truncate"
          >
            Stage
          </div>
        </th>
        <th
          aria-sort={null}
          className=""
          focusable={null}
          scope="col"
          style={null}
        >
          <div
            className="slds-truncate"
          >
            Confidence
          </div>
        </th>
        <th
          aria-sort={null}
          className=""
          focusable={null}
          scope="col"
          style={null}
        >
          <div
            className="slds-truncate"
          >
            Amount
          </div>
        </th>
        <th
          aria-sort={null}
          className=""
          focusable={null}
          scope="col"
          style={null}
        >
          <div
            className="slds-truncate"
          >
            Contact
          </div>
        </th>
      </tr>
    </thead>
    <tbody>
      <tr
        className=""
      >
        <td
          className={null}
          role={null}
          style={null}
        >
          <div
            className=""
            title="Cloudhub"
          >
            <a
              href="javascript:void(0);"
              onClick={[Function]}
            >
              Cloudhub
            </a>
          </div>
        </td>
        <td
          className={null}
          role={null}
          style={null}
        >
          <div
            className=""
            title="Cloudhub"
          >
            Cloudhub
          </div>
        </td>
        <td
          className={null}
          role={null}
          style={null}
        >
          <div
            className=""
            title="4/14/2015"
          >
            4/14/2015
          </div>
        </td>
        <td
          className={null}
          role={null}
          style={null}
        >
          <div
            className=""
            title="Prospecting"
          >
            Prospecting
          </div>
        </td>
        <td
          className={null}
          role={null}
          style={null}
        >
          <div
            className=""
            title="20%"
          >
            20%
          </div>
        </td>
        <td
          className={null}
          role={null}
          style={null}
        >
          <div
            className=""
            title="$25k"
          >
            $25k
          </div>
        </td>
        <td
          className={null}
          role={null}
          style={null}
        >
          <div
            className=""
            title="jrogers@cloudhub.com"
          >
            <a
              href="javascript:void(0);"
              onClick={[Function]}
            >
              jrogers@cloudhub.com
            </a>
          </div>
        </td>
      </tr>
      <tr
        className=""
      >
        <td
          className={null}
          role={null}
          style={null}
        >
          <div
            className=""
            title="Cloudhub + Anypoint Connectors"
          >
            <a
              href="javascript:void(0);"
              onClick={[Function]}
            >
              Cloudhub + Anypoint Connectors
            </a>
          </div>
        </td>
        <td
          className={null}
          role={null}
          style={null}
        >
          <div
            className=""
            title="Cloudhub"
          >
            Cloudhub
          </div>
        </td>
        <td
          className={null}
          role={null}
          style={null}
        >
          <div
            className=""
            title="4/14/2015"
          >
            4/14/2015
          </div>
        </td>
        <td
          className={null}
          role={null}
          style={null}
        >
          <div
            className=""
            title="Prospecting"
          >
            Prospecting
          </div>
        </td>
        <td
          className={null}
          role={null}
          style={null}
        >
          <div
            className=""
            title="20%"
          >
            20%
          </div>
        </td>
        <td
          className={null}
          role={null}
          style={null}
        >
          <div
            className=""
            title="$25k"
          >
            $25k
          </div>
        </td>
        <td
          className={null}
          role={null}
          style={null}
        >
          <div
            className=""
            title="jrogers@cloudhub.com"
          >
            <a
              href="javascript:void(0);"
              onClick={[Function]}
            >
              jrogers@cloudhub.com
            </a>
          </div>
        </td>
      </tr>
      <tr
        className=""
      >
        <td
          className={null}
          role={null}
          style={null}
        >
          <div
            className=""
            title="Cloudhub"
          >
            <a
              href="javascript:void(0);"
              onClick={[Function]}
            >
              Cloudhub
            </a>
          </div>
        </td>
        <td
          className={null}
          role={null}
          style={null}
        >
          <div
            className=""
            title="Cloudhub"
          >
            Cloudhub
          </div>
        </td>
        <td
          className={null}
          role={null}
          style={null}
        >
          <div
            className=""
            title="4/14/2015"
          >
            4/14/2015
          </div>
        </td>
        <td
          className={null}
          role={null}
          style={null}
        >
          <div
            className=""
            title="Prospecting"
          >
            Prospecting
          </div>
        </td>
        <td
          className={null}
          role={null}
          style={null}
        >
          <div
            className=""
            title="20%"
          >
            20%
          </div>
        </td>
        <td
          className={null}
          role={null}
          style={null}
        >
          <div
            className=""
            title="$25k"
          >
            $25k
          </div>
        </td>
        <td
          className={null}
          role={null}
          style={null}
        >
          <div
            className=""
            title="jrogers@cloudhub.com"
          >
            <a
              href="javascript:void(0);"
              onClick={[Function]}
            >
              jrogers@cloudhub.com
            </a>
          </div>
        </td>
      </tr>
    </tbody>
  </table>
  <h3
    className="slds-text-heading--medium slds-m-vertical--medium"
  >
    Striped
  </h3>
  <table
    className="slds-table slds-table--bordered slds-table--cell-buffer slds-table--striped"
    id="DataTableExample-1-striped"
    role={null}
  >
    <thead>
      <tr
        className="slds-text-title--caps"
      >
        <th
          aria-sort={null}
          className=""
          focusable={null}
          scope="col"
          style={null}
        >
          <div
            className="slds-truncate"
          >
            Opportunity Name
          </div>
        </th>
        <th
          aria-sort={null}
          className=""
          focusable={null}
          scope="col"
          style={null}
        >
          <div
            className="slds-truncate"
          >
            Account Name
          </div>
        </th>
        <th
          aria-sort={null}
          className=""
          focusable={null}
          scope="col"
          style={null}
        >
          <div
            className="slds-truncate"
          >
            Close Date
          </div>
        </th>
        <th
          aria-sort={null}
          className=""
          focusable={null}
          scope="col"
          style={null}
        >
          <div
            className="slds-truncate"
          >
            Stage
          </div>
        </th>
        <th
          aria-sort={null}
          className=""
          focusable={null}
          scope="col"
          style={null}
        >
          <div
            className="slds-truncate"
          >
            Confidence
          </div>
        </th>
        <th
          aria-sort={null}
          className=""
          focusable={null}
          scope="col"
          style={null}
        >
          <div
            className="slds-truncate"
          >
            Amount
          </div>
        </th>
        <th
          aria-sort={null}
          className=""
          focusable={null}
          scope="col"
          style={null}
        >
          <div
            className="slds-truncate"
          >
            Contact
          </div>
        </th>
      </tr>
    </thead>
    <tbody>
      <tr
        className=""
      >
        <td
          className={null}
          role={null}
          style={null}
        >
          <div
            className=""
            title="Cloudhub"
          >
            <a
              href="javascript:void(0);"
              onClick={[Function]}
            >
              Cloudhub
            </a>
          </div>
        </td>
        <td
          className={null}
          role={null}
          style={null}
        >
          <div
            className=""
            title="Cloudhub"
          >
            Cloudhub
          </div>
        </td>
        <td
          className={null}
          role={null}
          style={null}
        >
          <div
            className=""
            title="4/14/2015"
          >
            4/14/2015
          </div>
        </td>
        <td
          className={null}
          role={null}
          style={null}
        >
          <div
            className=""
            title="Prospecting"
          >
            Prospecting
          </div>
        </td>
        <td
          className={null}
          role={null}
          style={null}
        >
          <div
            className=""
            title="20%"
          >
            20%
          </div>
        </td>
        <td
          className={null}
          role={null}
          style={null}
        >
          <div
            className=""
            title="$25k"
          >
            $25k
          </div>
        </td>
        <td
          className={null}
          role={null}
          style={null}
        >
          <div
            className=""
            title="jrogers@cloudhub.com"
          >
            <a
              href="javascript:void(0);"
              onClick={[Function]}
            >
              jrogers@cloudhub.com
            </a>
          </div>
        </td>
      </tr>
      <tr
        className=""
      >
        <td
          className={null}
          role={null}
          style={null}
        >
          <div
            className=""
            title="Cloudhub + Anypoint Connectors"
          >
            <a
              href="javascript:void(0);"
              onClick={[Function]}
            >
              Cloudhub + Anypoint Connectors
            </a>
          </div>
        </td>
        <td
          className={null}
          role={null}
          style={null}
        >
          <div
            className=""
            title="Cloudhub"
          >
            Cloudhub
          </div>
        </td>
        <td
          className={null}
          role={null}
          style={null}
        >
          <div
            className=""
            title="4/14/2015"
          >
            4/14/2015
          </div>
        </td>
        <td
          className={null}
          role={null}
          style={null}
        >
          <div
            className=""
            title="Prospecting"
          >
            Prospecting
          </div>
        </td>
        <td
          className={null}
          role={null}
          style={null}
        >
          <div
            className=""
            title="20%"
          >
            20%
          </div>
        </td>
        <td
          className={null}
          role={null}
          style={null}
        >
          <div
            className=""
            title="$25k"
          >
            $25k
          </div>
        </td>
        <td
          className={null}
          role={null}
          style={null}
        >
          <div
            className=""
            title="jrogers@cloudhub.com"
          >
            <a
              href="javascript:void(0);"
              onClick={[Function]}
            >
              jrogers@cloudhub.com
            </a>
          </div>
        </td>
      </tr>
      <tr
        className=""
      >
        <td
          className={null}
          role={null}
          style={null}
        >
          <div
            className=""
            title="Cloudhub"
          >
            <a
              href="javascript:void(0);"
              onClick={[Function]}
            >
              Cloudhub
            </a>
          </div>
        </td>
        <td
          className={null}
          role={null}
          style={null}
        >
          <div
            className=""
            title="Cloudhub"
          >
            Cloudhub
          </div>
        </td>
        <td
          className={null}
          role={null}
          style={null}
        >
          <div
            className=""
            title="4/14/2015"
          >
            4/14/2015
          </div>
        </td>
        <td
          className={null}
          role={null}
          style={null}
        >
          <div
            className=""
            title="Prospecting"
          >
            Prospecting
          </div>
        </td>
        <td
          className={null}
          role={null}
          style={null}
        >
          <div
            className=""
            title="20%"
          >
            20%
          </div>
        </td>
        <td
          className={null}
          role={null}
          style={null}
        >
          <div
            className=""
            title="$25k"
          >
            $25k
          </div>
        </td>
        <td
          className={null}
          role={null}
          style={null}
        >
          <div
            className=""
            title="jrogers@cloudhub.com"
          >
            <a
              href="javascript:void(0);"
              onClick={[Function]}
            >
              jrogers@cloudhub.com
            </a>
          </div>
        </td>
      </tr>
    </tbody>
  </table>
  <h3
    className="slds-text-heading--medium slds-m-vertical--medium"
  >
    No Row Hover
  </h3>
  <table
    className="slds-table slds-table--bordered slds-table--cell-buffer slds-no-row-hover"
    id="DataTableExample-noRowHover"
    role={null}
  >
    <thead>
      <tr
        className="slds-text-title--caps"
      >
        <th
          aria-sort={null}
          className=""
          focusable={null}
          scope="col"
          style={null}
        >
          <div
            className="slds-truncate"
          >
            Opportunity Name
          </div>
        </th>
        <th
          aria-sort={null}
          className=""
          focusable={null}
          scope="col"
          style={null}
        >
          <div
            className="slds-truncate"
          >
            Account Name
          </div>
        </th>
        <th
          aria-sort={null}
          className=""
          focusable={null}
          scope="col"
          style={null}
        >
          <div
            className="slds-truncate"
          >
            Close Date
          </div>
        </th>
        <th
          aria-sort={null}
          className=""
          focusable={null}
          scope="col"
          style={null}
        >
          <div
            className="slds-truncate"
          >
            Stage
          </div>
        </th>
        <th
          aria-sort={null}
          className=""
          focusable={null}
          scope="col"
          style={null}
        >
          <div
            className="slds-truncate"
          >
            Confidence
          </div>
        </th>
        <th
          aria-sort={null}
          className=""
          focusable={null}
          scope="col"
          style={null}
        >
          <div
            className="slds-truncate"
          >
            Amount
          </div>
        </th>
        <th
          aria-sort={null}
          className=""
          focusable={null}
          scope="col"
          style={null}
        >
          <div
            className="slds-truncate"
          >
            Contact
          </div>
        </th>
      </tr>
    </thead>
    <tbody>
      <tr
        className=""
      >
        <td
          className={null}
          role={null}
          style={null}
        >
          <div
            className=""
            title="Cloudhub"
          >
            <a
              href="javascript:void(0);"
              onClick={[Function]}
            >
              Cloudhub
            </a>
          </div>
        </td>
        <td
          className={null}
          role={null}
          style={null}
        >
          <div
            className=""
            title="Cloudhub"
          >
            Cloudhub
          </div>
        </td>
        <td
          className={null}
          role={null}
          style={null}
        >
          <div
            className=""
            title="4/14/2015"
          >
            4/14/2015
          </div>
        </td>
        <td
          className={null}
          role={null}
          style={null}
        >
          <div
            className=""
            title="Prospecting"
          >
            Prospecting
          </div>
        </td>
        <td
          className={null}
          role={null}
          style={null}
        >
          <div
            className=""
            title="20%"
          >
            20%
          </div>
        </td>
        <td
          className={null}
          role={null}
          style={null}
        >
          <div
            className=""
            title="$25k"
          >
            $25k
          </div>
        </td>
        <td
          className={null}
          role={null}
          style={null}
        >
          <div
            className=""
            title="jrogers@cloudhub.com"
          >
            <a
              href="javascript:void(0);"
              onClick={[Function]}
            >
              jrogers@cloudhub.com
            </a>
          </div>
        </td>
      </tr>
      <tr
        className=""
      >
        <td
          className={null}
          role={null}
          style={null}
        >
          <div
            className=""
            title="Cloudhub + Anypoint Connectors"
          >
            <a
              href="javascript:void(0);"
              onClick={[Function]}
            >
              Cloudhub + Anypoint Connectors
            </a>
          </div>
        </td>
        <td
          className={null}
          role={null}
          style={null}
        >
          <div
            className=""
            title="Cloudhub"
          >
            Cloudhub
          </div>
        </td>
        <td
          className={null}
          role={null}
          style={null}
        >
          <div
            className=""
            title="4/14/2015"
          >
            4/14/2015
          </div>
        </td>
        <td
          className={null}
          role={null}
          style={null}
        >
          <div
            className=""
            title="Prospecting"
          >
            Prospecting
          </div>
        </td>
        <td
          className={null}
          role={null}
          style={null}
        >
          <div
            className=""
            title="20%"
          >
            20%
          </div>
        </td>
        <td
          className={null}
          role={null}
          style={null}
        >
          <div
            className=""
            title="$25k"
          >
            $25k
          </div>
        </td>
        <td
          className={null}
          role={null}
          style={null}
        >
          <div
            className=""
            title="jrogers@cloudhub.com"
          >
            <a
              href="javascript:void(0);"
              onClick={[Function]}
            >
              jrogers@cloudhub.com
            </a>
          </div>
        </td>
      </tr>
      <tr
        className=""
      >
        <td
          className={null}
          role={null}
          style={null}
        >
          <div
            className=""
            title="Cloudhub"
          >
            <a
              href="javascript:void(0);"
              onClick={[Function]}
            >
              Cloudhub
            </a>
          </div>
        </td>
        <td
          className={null}
          role={null}
          style={null}
        >
          <div
            className=""
            title="Cloudhub"
          >
            Cloudhub
          </div>
        </td>
        <td
          className={null}
          role={null}
          style={null}
        >
          <div
            className=""
            title="4/14/2015"
          >
            4/14/2015
          </div>
        </td>
        <td
          className={null}
          role={null}
          style={null}
        >
          <div
            className=""
            title="Prospecting"
          >
            Prospecting
          </div>
        </td>
        <td
          className={null}
          role={null}
          style={null}
        >
          <div
            className=""
            title="20%"
          >
            20%
          </div>
        </td>
        <td
          className={null}
          role={null}
          style={null}
        >
          <div
            className=""
            title="$25k"
          >
            $25k
          </div>
        </td>
        <td
          className={null}
          role={null}
          style={null}
        >
          <div
            className=""
            title="jrogers@cloudhub.com"
          >
            <a
              href="javascript:void(0);"
              onClick={[Function]}
            >
              jrogers@cloudhub.com
            </a>
          </div>
        </td>
      </tr>
    </tbody>
  </table>
  <h3
    className="slds-text-heading--medium slds-m-vertical--medium"
  >
    Column Bordered
  </h3>
  <table
    className="slds-table slds-table--bordered slds-table--cell-buffer slds-table--col-bordered"
    id="DataTableExample-columnBordered"
    role={null}
  >
    <thead>
      <tr
        className="slds-text-title--caps"
      >
        <th
          aria-sort={null}
          className=""
          focusable={null}
          scope="col"
          style={null}
        >
          <div
            className="slds-truncate"
          >
            Opportunity Name
          </div>
        </th>
        <th
          aria-sort={null}
          className=""
          focusable={null}
          scope="col"
          style={null}
        >
          <div
            className="slds-truncate"
          >
            Account Name
          </div>
        </th>
        <th
          aria-sort={null}
          className=""
          focusable={null}
          scope="col"
          style={null}
        >
          <div
            className="slds-truncate"
          >
            Close Date
          </div>
        </th>
        <th
          aria-sort={null}
          className=""
          focusable={null}
          scope="col"
          style={null}
        >
          <div
            className="slds-truncate"
          >
            Stage
          </div>
        </th>
        <th
          aria-sort={null}
          className=""
          focusable={null}
          scope="col"
          style={null}
        >
          <div
            className="slds-truncate"
          >
            Confidence
          </div>
        </th>
        <th
          aria-sort={null}
          className=""
          focusable={null}
          scope="col"
          style={null}
        >
          <div
            className="slds-truncate"
          >
            Amount
          </div>
        </th>
        <th
          aria-sort={null}
          className=""
          focusable={null}
          scope="col"
          style={null}
        >
          <div
            className="slds-truncate"
          >
            Contact
          </div>
        </th>
      </tr>
    </thead>
    <tbody>
      <tr
        className=""
      >
        <td
          className={null}
          role={null}
          style={null}
        >
          <div
            className=""
            title="Cloudhub"
          >
            <a
              href="javascript:void(0);"
              onClick={[Function]}
            >
              Cloudhub
            </a>
          </div>
        </td>
        <td
          className={null}
          role={null}
          style={null}
        >
          <div
            className=""
            title="Cloudhub"
          >
            Cloudhub
          </div>
        </td>
        <td
          className={null}
          role={null}
          style={null}
        >
          <div
            className=""
            title="4/14/2015"
          >
            4/14/2015
          </div>
        </td>
        <td
          className={null}
          role={null}
          style={null}
        >
          <div
            className=""
            title="Prospecting"
          >
            Prospecting
          </div>
        </td>
        <td
          className={null}
          role={null}
          style={null}
        >
          <div
            className=""
            title="20%"
          >
            20%
          </div>
        </td>
        <td
          className={null}
          role={null}
          style={null}
        >
          <div
            className=""
            title="$25k"
          >
            $25k
          </div>
        </td>
        <td
          className={null}
          role={null}
          style={null}
        >
          <div
            className=""
            title="jrogers@cloudhub.com"
          >
            <a
              href="javascript:void(0);"
              onClick={[Function]}
            >
              jrogers@cloudhub.com
            </a>
          </div>
        </td>
      </tr>
      <tr
        className=""
      >
        <td
          className={null}
          role={null}
          style={null}
        >
          <div
            className=""
            title="Cloudhub + Anypoint Connectors"
          >
            <a
              href="javascript:void(0);"
              onClick={[Function]}
            >
              Cloudhub + Anypoint Connectors
            </a>
          </div>
        </td>
        <td
          className={null}
          role={null}
          style={null}
        >
          <div
            className=""
            title="Cloudhub"
          >
            Cloudhub
          </div>
        </td>
        <td
          className={null}
          role={null}
          style={null}
        >
          <div
            className=""
            title="4/14/2015"
          >
            4/14/2015
          </div>
        </td>
        <td
          className={null}
          role={null}
          style={null}
        >
          <div
            className=""
            title="Prospecting"
          >
            Prospecting
          </div>
        </td>
        <td
          className={null}
          role={null}
          style={null}
        >
          <div
            className=""
            title="20%"
          >
            20%
          </div>
        </td>
        <td
          className={null}
          role={null}
          style={null}
        >
          <div
            className=""
            title="$25k"
          >
            $25k
          </div>
        </td>
        <td
          className={null}
          role={null}
          style={null}
        >
          <div
            className=""
            title="jrogers@cloudhub.com"
          >
            <a
              href="javascript:void(0);"
              onClick={[Function]}
            >
              jrogers@cloudhub.com
            </a>
          </div>
        </td>
      </tr>
      <tr
        className=""
      >
        <td
          className={null}
          role={null}
          style={null}
        >
          <div
            className=""
            title="Cloudhub"
          >
            <a
              href="javascript:void(0);"
              onClick={[Function]}
            >
              Cloudhub
            </a>
          </div>
        </td>
        <td
          className={null}
          role={null}
          style={null}
        >
          <div
            className=""
            title="Cloudhub"
          >
            Cloudhub
          </div>
        </td>
        <td
          className={null}
          role={null}
          style={null}
        >
          <div
            className=""
            title="4/14/2015"
          >
            4/14/2015
          </div>
        </td>
        <td
          className={null}
          role={null}
          style={null}
        >
          <div
            className=""
            title="Prospecting"
          >
            Prospecting
          </div>
        </td>
        <td
          className={null}
          role={null}
          style={null}
        >
          <div
            className=""
            title="20%"
          >
            20%
          </div>
        </td>
        <td
          className={null}
          role={null}
          style={null}
        >
          <div
            className=""
            title="$25k"
          >
            $25k
          </div>
        </td>
        <td
          className={null}
          role={null}
          style={null}
        >
          <div
            className=""
            title="jrogers@cloudhub.com"
          >
            <a
              href="javascript:void(0);"
              onClick={[Function]}
            >
              jrogers@cloudhub.com
            </a>
          </div>
        </td>
      </tr>
    </tbody>
  </table>
  <h3
    className="slds-text-heading--medium slds-m-vertical--medium"
  >
    Compact
  </h3>
  <table
    className="slds-table slds-table--compact slds-table--bordered slds-table--cell-buffer"
    id="DataTableExample-compact"
    role={null}
  >
    <thead>
      <tr
        className="slds-text-title--caps"
      >
        <th
          aria-sort={null}
          className=""
          focusable={null}
          scope="col"
          style={null}
        >
          <div
            className="slds-truncate"
          >
            Opportunity Name
          </div>
        </th>
        <th
          aria-sort={null}
          className=""
          focusable={null}
          scope="col"
          style={null}
        >
          <div
            className="slds-truncate"
          >
            Account Name
          </div>
        </th>
        <th
          aria-sort={null}
          className=""
          focusable={null}
          scope="col"
          style={null}
        >
          <div
            className="slds-truncate"
          >
            Close Date
          </div>
        </th>
        <th
          aria-sort={null}
          className=""
          focusable={null}
          scope="col"
          style={null}
        >
          <div
            className="slds-truncate"
          >
            Stage
          </div>
        </th>
        <th
          aria-sort={null}
          className=""
          focusable={null}
          scope="col"
          style={null}
        >
          <div
            className="slds-truncate"
          >
            Confidence
          </div>
        </th>
        <th
          aria-sort={null}
          className=""
          focusable={null}
          scope="col"
          style={null}
        >
          <div
            className="slds-truncate"
          >
            Amount
          </div>
        </th>
        <th
          aria-sort={null}
          className=""
          focusable={null}
          scope="col"
          style={null}
        >
          <div
            className="slds-truncate"
          >
            Contact
          </div>
        </th>
      </tr>
    </thead>
    <tbody>
      <tr
        className=""
      >
        <td
          className={null}
          role={null}
          style={null}
        >
          <div
            className=""
            title="Cloudhub"
          >
            <a
              href="javascript:void(0);"
              onClick={[Function]}
            >
              Cloudhub
            </a>
          </div>
        </td>
        <td
          className={null}
          role={null}
          style={null}
        >
          <div
            className=""
            title="Cloudhub"
          >
            Cloudhub
          </div>
        </td>
        <td
          className={null}
          role={null}
          style={null}
        >
          <div
            className=""
            title="4/14/2015"
          >
            4/14/2015
          </div>
        </td>
        <td
          className={null}
          role={null}
          style={null}
        >
          <div
            className=""
            title="Prospecting"
          >
            Prospecting
          </div>
        </td>
        <td
          className={null}
          role={null}
          style={null}
        >
          <div
            className=""
            title="20%"
          >
            20%
          </div>
        </td>
        <td
          className={null}
          role={null}
          style={null}
        >
          <div
            className=""
            title="$25k"
          >
            $25k
          </div>
        </td>
        <td
          className={null}
          role={null}
          style={null}
        >
          <div
            className=""
            title="jrogers@cloudhub.com"
          >
            <a
              href="javascript:void(0);"
              onClick={[Function]}
            >
              jrogers@cloudhub.com
            </a>
          </div>
        </td>
      </tr>
      <tr
        className=""
      >
        <td
          className={null}
          role={null}
          style={null}
        >
          <div
            className=""
            title="Cloudhub + Anypoint Connectors"
          >
            <a
              href="javascript:void(0);"
              onClick={[Function]}
            >
              Cloudhub + Anypoint Connectors
            </a>
          </div>
        </td>
        <td
          className={null}
          role={null}
          style={null}
        >
          <div
            className=""
            title="Cloudhub"
          >
            Cloudhub
          </div>
        </td>
        <td
          className={null}
          role={null}
          style={null}
        >
          <div
            className=""
            title="4/14/2015"
          >
            4/14/2015
          </div>
        </td>
        <td
          className={null}
          role={null}
          style={null}
        >
          <div
            className=""
            title="Prospecting"
          >
            Prospecting
          </div>
        </td>
        <td
          className={null}
          role={null}
          style={null}
        >
          <div
            className=""
            title="20%"
          >
            20%
          </div>
        </td>
        <td
          className={null}
          role={null}
          style={null}
        >
          <div
            className=""
            title="$25k"
          >
            $25k
          </div>
        </td>
        <td
          className={null}
          role={null}
          style={null}
        >
          <div
            className=""
            title="jrogers@cloudhub.com"
          >
            <a
              href="javascript:void(0);"
              onClick={[Function]}
            >
              jrogers@cloudhub.com
            </a>
          </div>
        </td>
      </tr>
      <tr
        className=""
      >
        <td
          className={null}
          role={null}
          style={null}
        >
          <div
            className=""
            title="Cloudhub"
          >
            <a
              href="javascript:void(0);"
              onClick={[Function]}
            >
              Cloudhub
            </a>
          </div>
        </td>
        <td
          className={null}
          role={null}
          style={null}
        >
          <div
            className=""
            title="Cloudhub"
          >
            Cloudhub
          </div>
        </td>
        <td
          className={null}
          role={null}
          style={null}
        >
          <div
            className=""
            title="4/14/2015"
          >
            4/14/2015
          </div>
        </td>
        <td
          className={null}
          role={null}
          style={null}
        >
          <div
            className=""
            title="Prospecting"
          >
            Prospecting
          </div>
        </td>
        <td
          className={null}
          role={null}
          style={null}
        >
          <div
            className=""
            title="20%"
          >
            20%
          </div>
        </td>
        <td
          className={null}
          role={null}
          style={null}
        >
          <div
            className=""
            title="$25k"
          >
            $25k
          </div>
        </td>
        <td
          className={null}
          role={null}
          style={null}
        >
          <div
            className=""
            title="jrogers@cloudhub.com"
          >
            <a
              href="javascript:void(0);"
              onClick={[Function]}
            >
              jrogers@cloudhub.com
            </a>
          </div>
        </td>
      </tr>
    </tbody>
  </table>
</div>
`;

exports[`DOM & HTML Snapshots 2`] = `
"<div style=\\"overflow:auto;\\">
  <h3 class=\\"slds-text-heading--medium slds-m-vertical--medium\\">Default Fluid Layout</h3>
  <table class=\\"slds-table slds-table--bordered slds-table--cell-buffer\\" id=\\"DataTableExample-1-default\\">
    <thead>
      <tr class=\\"slds-text-title--caps\\">
        <th class=\\"\\" scope=\\"col\\">
          <div class=\\"slds-truncate\\">Opportunity Name</div>
        </th>
        <th class=\\"\\" scope=\\"col\\">
          <div class=\\"slds-truncate\\">Account Name</div>
        </th>
        <th class=\\"\\" scope=\\"col\\">
          <div class=\\"slds-truncate\\">Close Date</div>
        </th>
        <th class=\\"\\" scope=\\"col\\">
          <div class=\\"slds-truncate\\">Stage</div>
        </th>
        <th class=\\"\\" scope=\\"col\\">
          <div class=\\"slds-truncate\\">Confidence</div>
        </th>
        <th class=\\"\\" scope=\\"col\\">
          <div class=\\"slds-truncate\\">Amount</div>
        </th>
        <th class=\\"\\" scope=\\"col\\">
          <div class=\\"slds-truncate\\">Contact</div>
        </th>
      </tr>
    </thead>
    <tbody>
      <tr class=\\"\\">
        <td>
          <div class=\\"\\" title=\\"Cloudhub\\"><a href=\\"javascript:void(0);\\">Cloudhub</a></div>
        </td>
        <td>
          <div class=\\"\\" title=\\"Cloudhub\\">Cloudhub</div>
        </td>
        <td>
          <div class=\\"\\" title=\\"4/14/2015\\">4/14/2015</div>
        </td>
        <td>
          <div class=\\"\\" title=\\"Prospecting\\">Prospecting</div>
        </td>
        <td>
          <div class=\\"\\" title=\\"20%\\">20%</div>
        </td>
        <td>
          <div class=\\"\\" title=\\"$25k\\">$25k</div>
        </td>
        <td>
          <div class=\\"\\" title=\\"jrogers@cloudhub.com\\"><a href=\\"javascript:void(0);\\">jrogers@cloudhub.com</a></div>
        </td>
      </tr>
      <tr class=\\"\\">
        <td>
          <div class=\\"\\" title=\\"Cloudhub + Anypoint Connectors\\"><a href=\\"javascript:void(0);\\">Cloudhub + Anypoint Connectors</a></div>
        </td>
        <td>
          <div class=\\"\\" title=\\"Cloudhub\\">Cloudhub</div>
        </td>
        <td>
          <div class=\\"\\" title=\\"4/14/2015\\">4/14/2015</div>
        </td>
        <td>
          <div class=\\"\\" title=\\"Prospecting\\">Prospecting</div>
        </td>
        <td>
          <div class=\\"\\" title=\\"20%\\">20%</div>
        </td>
        <td>
          <div class=\\"\\" title=\\"$25k\\">$25k</div>
        </td>
        <td>
          <div class=\\"\\" title=\\"jrogers@cloudhub.com\\"><a href=\\"javascript:void(0);\\">jrogers@cloudhub.com</a></div>
        </td>
      </tr>
      <tr class=\\"\\">
        <td>
          <div class=\\"\\" title=\\"Cloudhub\\"><a href=\\"javascript:void(0);\\">Cloudhub</a></div>
        </td>
        <td>
          <div class=\\"\\" title=\\"Cloudhub\\">Cloudhub</div>
        </td>
        <td>
          <div class=\\"\\" title=\\"4/14/2015\\">4/14/2015</div>
        </td>
        <td>
          <div class=\\"\\" title=\\"Prospecting\\">Prospecting</div>
        </td>
        <td>
          <div class=\\"\\" title=\\"20%\\">20%</div>
        </td>
        <td>
          <div class=\\"\\" title=\\"$25k\\">$25k</div>
        </td>
        <td>
          <div class=\\"\\" title=\\"jrogers@cloudhub.com\\"><a href=\\"javascript:void(0);\\">jrogers@cloudhub.com</a></div>
        </td>
      </tr>
    </tbody>
  </table>
  <h3 class=\\"slds-text-heading--medium slds-m-vertical--medium\\">Striped</h3>
  <table class=\\"slds-table slds-table--bordered slds-table--cell-buffer slds-table--striped\\" id=\\"DataTableExample-1-striped\\">
    <thead>
      <tr class=\\"slds-text-title--caps\\">
        <th class=\\"\\" scope=\\"col\\">
          <div class=\\"slds-truncate\\">Opportunity Name</div>
        </th>
        <th class=\\"\\" scope=\\"col\\">
          <div class=\\"slds-truncate\\">Account Name</div>
        </th>
        <th class=\\"\\" scope=\\"col\\">
          <div class=\\"slds-truncate\\">Close Date</div>
        </th>
        <th class=\\"\\" scope=\\"col\\">
          <div class=\\"slds-truncate\\">Stage</div>
        </th>
        <th class=\\"\\" scope=\\"col\\">
          <div class=\\"slds-truncate\\">Confidence</div>
        </th>
        <th class=\\"\\" scope=\\"col\\">
          <div class=\\"slds-truncate\\">Amount</div>
        </th>
        <th class=\\"\\" scope=\\"col\\">
          <div class=\\"slds-truncate\\">Contact</div>
        </th>
      </tr>
    </thead>
    <tbody>
      <tr class=\\"\\">
        <td>
          <div class=\\"\\" title=\\"Cloudhub\\"><a href=\\"javascript:void(0);\\">Cloudhub</a></div>
        </td>
        <td>
          <div class=\\"\\" title=\\"Cloudhub\\">Cloudhub</div>
        </td>
        <td>
          <div class=\\"\\" title=\\"4/14/2015\\">4/14/2015</div>
        </td>
        <td>
          <div class=\\"\\" title=\\"Prospecting\\">Prospecting</div>
        </td>
        <td>
          <div class=\\"\\" title=\\"20%\\">20%</div>
        </td>
        <td>
          <div class=\\"\\" title=\\"$25k\\">$25k</div>
        </td>
        <td>
          <div class=\\"\\" title=\\"jrogers@cloudhub.com\\"><a href=\\"javascript:void(0);\\">jrogers@cloudhub.com</a></div>
        </td>
      </tr>
      <tr class=\\"\\">
        <td>
          <div class=\\"\\" title=\\"Cloudhub + Anypoint Connectors\\"><a href=\\"javascript:void(0);\\">Cloudhub + Anypoint Connectors</a></div>
        </td>
        <td>
          <div class=\\"\\" title=\\"Cloudhub\\">Cloudhub</div>
        </td>
        <td>
          <div class=\\"\\" title=\\"4/14/2015\\">4/14/2015</div>
        </td>
        <td>
          <div class=\\"\\" title=\\"Prospecting\\">Prospecting</div>
        </td>
        <td>
          <div class=\\"\\" title=\\"20%\\">20%</div>
        </td>
        <td>
          <div class=\\"\\" title=\\"$25k\\">$25k</div>
        </td>
        <td>
          <div class=\\"\\" title=\\"jrogers@cloudhub.com\\"><a href=\\"javascript:void(0);\\">jrogers@cloudhub.com</a></div>
        </td>
      </tr>
      <tr class=\\"\\">
        <td>
          <div class=\\"\\" title=\\"Cloudhub\\"><a href=\\"javascript:void(0);\\">Cloudhub</a></div>
        </td>
        <td>
          <div class=\\"\\" title=\\"Cloudhub\\">Cloudhub</div>
        </td>
        <td>
          <div class=\\"\\" title=\\"4/14/2015\\">4/14/2015</div>
        </td>
        <td>
          <div class=\\"\\" title=\\"Prospecting\\">Prospecting</div>
        </td>
        <td>
          <div class=\\"\\" title=\\"20%\\">20%</div>
        </td>
        <td>
          <div class=\\"\\" title=\\"$25k\\">$25k</div>
        </td>
        <td>
          <div class=\\"\\" title=\\"jrogers@cloudhub.com\\"><a href=\\"javascript:void(0);\\">jrogers@cloudhub.com</a></div>
        </td>
      </tr>
    </tbody>
  </table>
  <h3 class=\\"slds-text-heading--medium slds-m-vertical--medium\\">No Row Hover</h3>
  <table class=\\"slds-table slds-table--bordered slds-table--cell-buffer slds-no-row-hover\\" id=\\"DataTableExample-noRowHover\\">
    <thead>
      <tr class=\\"slds-text-title--caps\\">
        <th class=\\"\\" scope=\\"col\\">
          <div class=\\"slds-truncate\\">Opportunity Name</div>
        </th>
        <th class=\\"\\" scope=\\"col\\">
          <div class=\\"slds-truncate\\">Account Name</div>
        </th>
        <th class=\\"\\" scope=\\"col\\">
          <div class=\\"slds-truncate\\">Close Date</div>
        </th>
        <th class=\\"\\" scope=\\"col\\">
          <div class=\\"slds-truncate\\">Stage</div>
        </th>
        <th class=\\"\\" scope=\\"col\\">
          <div class=\\"slds-truncate\\">Confidence</div>
        </th>
        <th class=\\"\\" scope=\\"col\\">
          <div class=\\"slds-truncate\\">Amount</div>
        </th>
        <th class=\\"\\" scope=\\"col\\">
          <div class=\\"slds-truncate\\">Contact</div>
        </th>
      </tr>
    </thead>
    <tbody>
      <tr class=\\"\\">
        <td>
          <div class=\\"\\" title=\\"Cloudhub\\"><a href=\\"javascript:void(0);\\">Cloudhub</a></div>
        </td>
        <td>
          <div class=\\"\\" title=\\"Cloudhub\\">Cloudhub</div>
        </td>
        <td>
          <div class=\\"\\" title=\\"4/14/2015\\">4/14/2015</div>
        </td>
        <td>
          <div class=\\"\\" title=\\"Prospecting\\">Prospecting</div>
        </td>
        <td>
          <div class=\\"\\" title=\\"20%\\">20%</div>
        </td>
        <td>
          <div class=\\"\\" title=\\"$25k\\">$25k</div>
        </td>
        <td>
          <div class=\\"\\" title=\\"jrogers@cloudhub.com\\"><a href=\\"javascript:void(0);\\">jrogers@cloudhub.com</a></div>
        </td>
      </tr>
      <tr class=\\"\\">
        <td>
          <div class=\\"\\" title=\\"Cloudhub + Anypoint Connectors\\"><a href=\\"javascript:void(0);\\">Cloudhub + Anypoint Connectors</a></div>
        </td>
        <td>
          <div class=\\"\\" title=\\"Cloudhub\\">Cloudhub</div>
        </td>
        <td>
          <div class=\\"\\" title=\\"4/14/2015\\">4/14/2015</div>
        </td>
        <td>
          <div class=\\"\\" title=\\"Prospecting\\">Prospecting</div>
        </td>
        <td>
          <div class=\\"\\" title=\\"20%\\">20%</div>
        </td>
        <td>
          <div class=\\"\\" title=\\"$25k\\">$25k</div>
        </td>
        <td>
          <div class=\\"\\" title=\\"jrogers@cloudhub.com\\"><a href=\\"javascript:void(0);\\">jrogers@cloudhub.com</a></div>
        </td>
      </tr>
      <tr class=\\"\\">
        <td>
          <div class=\\"\\" title=\\"Cloudhub\\"><a href=\\"javascript:void(0);\\">Cloudhub</a></div>
        </td>
        <td>
          <div class=\\"\\" title=\\"Cloudhub\\">Cloudhub</div>
        </td>
        <td>
          <div class=\\"\\" title=\\"4/14/2015\\">4/14/2015</div>
        </td>
        <td>
          <div class=\\"\\" title=\\"Prospecting\\">Prospecting</div>
        </td>
        <td>
          <div class=\\"\\" title=\\"20%\\">20%</div>
        </td>
        <td>
          <div class=\\"\\" title=\\"$25k\\">$25k</div>
        </td>
        <td>
          <div class=\\"\\" title=\\"jrogers@cloudhub.com\\"><a href=\\"javascript:void(0);\\">jrogers@cloudhub.com</a></div>
        </td>
      </tr>
    </tbody>
  </table>
  <h3 class=\\"slds-text-heading--medium slds-m-vertical--medium\\">Column Bordered</h3>
  <table class=\\"slds-table slds-table--bordered slds-table--cell-buffer slds-table--col-bordered\\" id=\\"DataTableExample-columnBordered\\">
    <thead>
      <tr class=\\"slds-text-title--caps\\">
        <th class=\\"\\" scope=\\"col\\">
          <div class=\\"slds-truncate\\">Opportunity Name</div>
        </th>
        <th class=\\"\\" scope=\\"col\\">
          <div class=\\"slds-truncate\\">Account Name</div>
        </th>
        <th class=\\"\\" scope=\\"col\\">
          <div class=\\"slds-truncate\\">Close Date</div>
        </th>
        <th class=\\"\\" scope=\\"col\\">
          <div class=\\"slds-truncate\\">Stage</div>
        </th>
        <th class=\\"\\" scope=\\"col\\">
          <div class=\\"slds-truncate\\">Confidence</div>
        </th>
        <th class=\\"\\" scope=\\"col\\">
          <div class=\\"slds-truncate\\">Amount</div>
        </th>
        <th class=\\"\\" scope=\\"col\\">
          <div class=\\"slds-truncate\\">Contact</div>
        </th>
      </tr>
    </thead>
    <tbody>
      <tr class=\\"\\">
        <td>
          <div class=\\"\\" title=\\"Cloudhub\\"><a href=\\"javascript:void(0);\\">Cloudhub</a></div>
        </td>
        <td>
          <div class=\\"\\" title=\\"Cloudhub\\">Cloudhub</div>
        </td>
        <td>
          <div class=\\"\\" title=\\"4/14/2015\\">4/14/2015</div>
        </td>
        <td>
          <div class=\\"\\" title=\\"Prospecting\\">Prospecting</div>
        </td>
        <td>
          <div class=\\"\\" title=\\"20%\\">20%</div>
        </td>
        <td>
          <div class=\\"\\" title=\\"$25k\\">$25k</div>
        </td>
        <td>
          <div class=\\"\\" title=\\"jrogers@cloudhub.com\\"><a href=\\"javascript:void(0);\\">jrogers@cloudhub.com</a></div>
        </td>
      </tr>
      <tr class=\\"\\">
        <td>
          <div class=\\"\\" title=\\"Cloudhub + Anypoint Connectors\\"><a href=\\"javascript:void(0);\\">Cloudhub + Anypoint Connectors</a></div>
        </td>
        <td>
          <div class=\\"\\" title=\\"Cloudhub\\">Cloudhub</div>
        </td>
        <td>
          <div class=\\"\\" title=\\"4/14/2015\\">4/14/2015</div>
        </td>
        <td>
          <div class=\\"\\" title=\\"Prospecting\\">Prospecting</div>
        </td>
        <td>
          <div class=\\"\\" title=\\"20%\\">20%</div>
        </td>
        <td>
          <div class=\\"\\" title=\\"$25k\\">$25k</div>
        </td>
        <td>
          <div class=\\"\\" title=\\"jrogers@cloudhub.com\\"><a href=\\"javascript:void(0);\\">jrogers@cloudhub.com</a></div>
        </td>
      </tr>
      <tr class=\\"\\">
        <td>
          <div class=\\"\\" title=\\"Cloudhub\\"><a href=\\"javascript:void(0);\\">Cloudhub</a></div>
        </td>
        <td>
          <div class=\\"\\" title=\\"Cloudhub\\">Cloudhub</div>
        </td>
        <td>
          <div class=\\"\\" title=\\"4/14/2015\\">4/14/2015</div>
        </td>
        <td>
          <div class=\\"\\" title=\\"Prospecting\\">Prospecting</div>
        </td>
        <td>
          <div class=\\"\\" title=\\"20%\\">20%</div>
        </td>
        <td>
          <div class=\\"\\" title=\\"$25k\\">$25k</div>
        </td>
        <td>
          <div class=\\"\\" title=\\"jrogers@cloudhub.com\\"><a href=\\"javascript:void(0);\\">jrogers@cloudhub.com</a></div>
        </td>
      </tr>
    </tbody>
  </table>
  <h3 class=\\"slds-text-heading--medium slds-m-vertical--medium\\">Compact</h3>
  <table class=\\"slds-table slds-table--compact slds-table--bordered slds-table--cell-buffer\\" id=\\"DataTableExample-compact\\">
    <thead>
      <tr class=\\"slds-text-title--caps\\">
        <th class=\\"\\" scope=\\"col\\">
          <div class=\\"slds-truncate\\">Opportunity Name</div>
        </th>
        <th class=\\"\\" scope=\\"col\\">
          <div class=\\"slds-truncate\\">Account Name</div>
        </th>
        <th class=\\"\\" scope=\\"col\\">
          <div class=\\"slds-truncate\\">Close Date</div>
        </th>
        <th class=\\"\\" scope=\\"col\\">
          <div class=\\"slds-truncate\\">Stage</div>
        </th>
        <th class=\\"\\" scope=\\"col\\">
          <div class=\\"slds-truncate\\">Confidence</div>
        </th>
        <th class=\\"\\" scope=\\"col\\">
          <div class=\\"slds-truncate\\">Amount</div>
        </th>
        <th class=\\"\\" scope=\\"col\\">
          <div class=\\"slds-truncate\\">Contact</div>
        </th>
      </tr>
    </thead>
    <tbody>
      <tr class=\\"\\">
        <td>
          <div class=\\"\\" title=\\"Cloudhub\\"><a href=\\"javascript:void(0);\\">Cloudhub</a></div>
        </td>
        <td>
          <div class=\\"\\" title=\\"Cloudhub\\">Cloudhub</div>
        </td>
        <td>
          <div class=\\"\\" title=\\"4/14/2015\\">4/14/2015</div>
        </td>
        <td>
          <div class=\\"\\" title=\\"Prospecting\\">Prospecting</div>
        </td>
        <td>
          <div class=\\"\\" title=\\"20%\\">20%</div>
        </td>
        <td>
          <div class=\\"\\" title=\\"$25k\\">$25k</div>
        </td>
        <td>
          <div class=\\"\\" title=\\"jrogers@cloudhub.com\\"><a href=\\"javascript:void(0);\\">jrogers@cloudhub.com</a></div>
        </td>
      </tr>
      <tr class=\\"\\">
        <td>
          <div class=\\"\\" title=\\"Cloudhub + Anypoint Connectors\\"><a href=\\"javascript:void(0);\\">Cloudhub + Anypoint Connectors</a></div>
        </td>
        <td>
          <div class=\\"\\" title=\\"Cloudhub\\">Cloudhub</div>
        </td>
        <td>
          <div class=\\"\\" title=\\"4/14/2015\\">4/14/2015</div>
        </td>
        <td>
          <div class=\\"\\" title=\\"Prospecting\\">Prospecting</div>
        </td>
        <td>
          <div class=\\"\\" title=\\"20%\\">20%</div>
        </td>
        <td>
          <div class=\\"\\" title=\\"$25k\\">$25k</div>
        </td>
        <td>
          <div class=\\"\\" title=\\"jrogers@cloudhub.com\\"><a href=\\"javascript:void(0);\\">jrogers@cloudhub.com</a></div>
        </td>
      </tr>
      <tr class=\\"\\">
        <td>
          <div class=\\"\\" title=\\"Cloudhub\\"><a href=\\"javascript:void(0);\\">Cloudhub</a></div>
        </td>
        <td>
          <div class=\\"\\" title=\\"Cloudhub\\">Cloudhub</div>
        </td>
        <td>
          <div class=\\"\\" title=\\"4/14/2015\\">4/14/2015</div>
        </td>
        <td>
          <div class=\\"\\" title=\\"Prospecting\\">Prospecting</div>
        </td>
        <td>
          <div class=\\"\\" title=\\"20%\\">20%</div>
        </td>
        <td>
          <div class=\\"\\" title=\\"$25k\\">$25k</div>
        </td>
        <td>
          <div class=\\"\\" title=\\"jrogers@cloudhub.com\\"><a href=\\"javascript:void(0);\\">jrogers@cloudhub.com</a></div>
        </td>
      </tr>
    </tbody>
  </table>
</div>"
`;

exports[`DOM & HTML Snapshots 3`] = `
<div>
  <table
    className="slds-table slds-table--fixed-layout slds-table--bordered"
    id="DataTableExample-2"
    role="grid"
  >
    <thead>
      <tr
        className="slds-text-title--caps"
      >
        <th
          className="slds-text-align--right"
          scope="col"
          style={
            Object {
              "width": "3.25rem",
            }
          }
        >
          <div
            className="slds-th__action slds-th__action--form"
          >
            <div
              className="slds-form-element"
            >
              <div
                className="slds-form-element__control"
              >
                <span
                  className="slds-checkbox"
                >
                  <input
                    aria-controls={undefined}
                    aria-describedby={undefined}
                    aria-owns={undefined}
                    aria-required={undefined}
                    checked={false}
                    disabled={undefined}
                    id="DataTableExample-2-SLDSDataTableHead-SelectAll"
                    name="SelectAll"
                    onBlur={undefined}
                    onChange={[Function]}
                    onFocus={undefined}
                    onKeyDown={undefined}
                    onKeyPress={undefined}
                    onKeyUp={undefined}
                    required={undefined}
                    role={undefined}
                    type="checkbox"
                  />
                  <label
                    className="slds-checkbox__label"
                    htmlFor="DataTableExample-2-SLDSDataTableHead-SelectAll"
                  >
                    <span
                      className="slds-checkbox--faux"
                    />
                    <span
                      className="slds-assistive-text"
                    >
                      Select all rows
                    </span>
                  </label>
                </span>
              </div>
            </div>
          </div>
        </th>
        <th
          aria-sort="ascending"
          className="slds-is-sortable slds-is-sorted"
          focusable={true}
          scope="col"
          style={
            Object {
              "width": "10rem",
            }
          }
        >
          <a
            className="slds-th__action slds-text-link--reset"
            href="javascript:void(0)"
            onClick={[Function]}
            tabIndex="0"
          >
            <span
              className="slds-assistive-text"
            >
              Sort
               
            </span>
            <span
              className="slds-truncate"
              title="Name"
            >
              Name
            </span>
            <span
              className={undefined}
              title={undefined}
            >
              <svg
                aria-hidden="true"
                className="slds-is-sortable__icon slds-icon slds-icon--x-small slds-icon-text-default"
                style={undefined}
              >
                <use
                  xlinkHref="/assets/icons/utility-sprite/svg/symbols.svg#arrowup"
                />
              </svg>
              
            </span>
            <span
              aria-atomic="true"
              aria-live="assertive"
              className="slds-assistive-text"
            >
              Sorted Ascending
            </span>
          </a>
        </th>
        <th
          aria-sort={null}
          className=""
          focusable={null}
          scope="col"
          style={
            Object {
              "width": "8rem",
            }
          }
        >
          <div
            className="slds-truncate"
          >
            Account Name
          </div>
        </th>
        <th
          aria-sort={null}
          className=""
          focusable={null}
          scope="col"
          style={null}
        >
          <div
            className="slds-truncate"
          >
            Close Date
          </div>
        </th>
        <th
          aria-sort={null}
          className=""
          focusable={null}
          scope="col"
          style={null}
        >
          <div
            className="slds-truncate"
          >
            Stage
          </div>
        </th>
        <th
          aria-sort={null}
          className="slds-is-sortable"
          focusable={true}
          scope="col"
          style={null}
        >
          <a
            className="slds-th__action slds-text-link--reset"
            href="javascript:void(0)"
            onClick={[Function]}
            tabIndex="0"
          >
            <span
              className="slds-assistive-text"
            >
              Sort
               
            </span>
            <span
              className="slds-truncate"
              title="Confidence"
            >
              Confidence
            </span>
            <span
              className={undefined}
              title={undefined}
            >
              <svg
                aria-hidden="true"
                className="slds-is-sortable__icon slds-icon slds-icon--x-small slds-icon-text-default"
                style={undefined}
              >
                <use
                  xlinkHref="/assets/icons/utility-sprite/svg/symbols.svg#arrowup"
                />
              </svg>
              
            </span>
          </a>
        </th>
        <th
          aria-sort={null}
          className=""
          focusable={null}
          scope="col"
          style={null}
        >
          <div
            className="slds-truncate"
          >
            Amount
          </div>
        </th>
        <th
          aria-sort={null}
          className=""
          focusable={null}
          scope="col"
          style={null}
        >
          <div
            className="slds-truncate"
          >
            Contact
          </div>
        </th>
        <th
          scope="col"
          style={
            Object {
              "width": "3.25rem",
            }
          }
        >
          <div
            className="slds-th__action"
          >
            <span
              className="slds-assistive-text"
            >
              Actions
            </span>
          </div>
        </th>
      </tr>
    </thead>
    <tbody>
      <tr
        className="slds-hint-parent"
      >
        <td
          className="slds-text-align--right"
          data-label="Select Row"
          role="gridcell"
          style={
            Object {
              "width": "3.25rem",
            }
          }
        >
          <div
            className="slds-form-element"
          >
            <div
              className="slds-form-element__control"
            >
              <span
                className="slds-checkbox"
              >
                <input
                  aria-controls={undefined}
                  aria-describedby={undefined}
                  aria-owns={undefined}
                  aria-required={undefined}
                  checked={false}
                  disabled={undefined}
                  id="DataTableExample-2-SLDSDataTableRow-8IKZHZZV80-SelectRow"
                  name="SelectRow"
                  onBlur={undefined}
                  onChange={[Function]}
                  onFocus={undefined}
                  onKeyDown={undefined}
                  onKeyPress={undefined}
                  onKeyUp={undefined}
                  required={undefined}
                  role={undefined}
                  type="checkbox"
                />
                <label
                  className="slds-checkbox__label"
                  htmlFor="DataTableExample-2-SLDSDataTableRow-8IKZHZZV80-SelectRow"
                >
                  <span
                    className="slds-checkbox--faux"
                  />
                  <span
                    className="slds-assistive-text"
                  >
                    Select row
                  </span>
                </label>
              </span>
            </div>
          </div>
        </td>
        <th
          className={null}
          role="gridcell"
          style={
            Object {
              "width": "10rem",
            }
          }
        >
          <div
            className="slds-truncate"
            title="Acme - 1,200 Widgets"
          >
            <a
              href="javascript:void(0);"
              onClick={[Function]}
            >
              Acme - 1,200 Widgets
            </a>
          </div>
        </th>
        <td
          className={null}
          role="gridcell"
          style={
            Object {
              "width": "8rem",
            }
          }
        >
          <div
            className="slds-truncate"
            title="Acme"
          >
            Acme
          </div>
        </td>
        <td
          className={null}
          role="gridcell"
          style={null}
        >
          <div
            className="slds-truncate"
            title="4/10/15"
          >
            4/10/15
          </div>
        </td>
        <td
          className={null}
          role="gridcell"
          style={null}
        >
          <div
            className="slds-truncate"
            title="Value Proposition"
          >
            Value Proposition
          </div>
        </td>
        <td
          className={null}
          role="gridcell"
          style={null}
        >
          <div
            className="slds-truncate"
            title="70%"
          >
            70%
          </div>
        </td>
        <td
          className={null}
          role="gridcell"
          style={null}
        >
          <div
            className="slds-truncate"
            title="$25,000,000"
          >
            $25,000,000
          </div>
        </td>
        <td
          className={null}
          role="gridcell"
          style={null}
        >
          <div
            className="slds-truncate"
            title="jrogers@acme.com"
          >
            <a
              href="javascript:void(0);"
              onClick={[Function]}
            >
              jrogers@acme.com
            </a>
          </div>
        </td>
        <td
          className=""
          data-label="Actions"
          onClick={[Function]}
          style={
            Object {
              "width": "3.25rem",
            }
          }
        >
          <div
            className="slds-dropdown-trigger slds-dropdown-trigger--click"
            id="DataTableExample-2-SLDSDataTableRow-8IKZHZZV80-SLDSDataTableRowActions"
            onBlur={undefined}
            onClick={[Function]}
            onFocus={null}
            onKeyDown={[Function]}
            onMouseDown={undefined}
            onMouseEnter={null}
            onMouseLeave={null}
          >
            <button
              aria-controls={undefined}
              aria-describedby={undefined}
              aria-expanded={false}
              aria-haspopup={true}
              className="slds-button slds-button--icon-border-filled slds-button--icon-small ignore-click-DataTableExample-2-SLDSDataTableRow-8IKZHZZV80-SLDSDataTableRowActions slds-button--icon-x-small"
              disabled={false}
              id={undefined}
              onBlur={undefined}
              onClick={[Function]}
              onFocus={undefined}
              onKeyDown={undefined}
              onKeyPress={undefined}
              onKeyUp={undefined}
              onMouseDown={undefined}
              onMouseEnter={undefined}
              onMouseLeave={undefined}
              tabIndex="0"
              title={undefined}
              type="button"
            >
              <svg
                aria-hidden="true"
                className="slds-button__icon slds-button__icon--hint"
              >
                <use
                  xlinkHref="/assets/icons/utility-sprite/svg/symbols.svg#down"
                />
              </svg>
              <span
                className="slds-assistive-text"
              >
                Actions
              </span>
            </button>
          </div>
        </td>
      </tr>
      <tr
        className="slds-hint-parent"
      >
        <td
          className="slds-text-align--right"
          data-label="Select Row"
          role="gridcell"
          style={
            Object {
              "width": "3.25rem",
            }
          }
        >
          <div
            className="slds-form-element"
          >
            <div
              className="slds-form-element__control"
            >
              <span
                className="slds-checkbox"
              >
                <input
                  aria-controls={undefined}
                  aria-describedby={undefined}
                  aria-owns={undefined}
                  aria-required={undefined}
                  checked={false}
                  disabled={undefined}
                  id="DataTableExample-2-SLDSDataTableRow-5GJOOOPWU7-SelectRow"
                  name="SelectRow"
                  onBlur={undefined}
                  onChange={[Function]}
                  onFocus={undefined}
                  onKeyDown={undefined}
                  onKeyPress={undefined}
                  onKeyUp={undefined}
                  required={undefined}
                  role={undefined}
                  type="checkbox"
                />
                <label
                  className="slds-checkbox__label"
                  htmlFor="DataTableExample-2-SLDSDataTableRow-5GJOOOPWU7-SelectRow"
                >
                  <span
                    className="slds-checkbox--faux"
                  />
                  <span
                    className="slds-assistive-text"
                  >
                    Select row
                  </span>
                </label>
              </span>
            </div>
          </div>
        </td>
        <th
          className={null}
          role="gridcell"
          style={
            Object {
              "width": "10rem",
            }
          }
        >
          <div
            className="slds-truncate"
            title="Acme - 200 Widgets"
          >
            <a
              href="javascript:void(0);"
              onClick={[Function]}
            >
              Acme - 200 Widgets
            </a>
          </div>
        </th>
        <td
          className={null}
          role="gridcell"
          style={
            Object {
              "width": "8rem",
            }
          }
        >
          <div
            className="slds-truncate"
            title="Acme"
          >
            Acme
          </div>
        </td>
        <td
          className={null}
          role="gridcell"
          style={null}
        >
          <div
            className="slds-truncate"
            title="1/31/15"
          >
            1/31/15
          </div>
        </td>
        <td
          className={null}
          role="gridcell"
          style={null}
        >
          <div
            className="slds-truncate"
            title="Prospecting"
          >
            Prospecting
          </div>
        </td>
        <td
          className={null}
          role="gridcell"
          style={null}
        >
          <div
            className="slds-truncate"
            title="30%"
          >
            30%
          </div>
        </td>
        <td
          className={null}
          role="gridcell"
          style={null}
        >
          <div
            className="slds-truncate"
            title="$5,000,000"
          >
            $5,000,000
          </div>
        </td>
        <td
          className={null}
          role="gridcell"
          style={null}
        >
          <div
            className="slds-truncate"
            title="bob@acme.com"
          >
            <a
              href="javascript:void(0);"
              onClick={[Function]}
            >
              bob@acme.com
            </a>
          </div>
        </td>
        <td
          className=""
          data-label="Actions"
          onClick={[Function]}
          style={
            Object {
              "width": "3.25rem",
            }
          }
        >
          <div
            className="slds-dropdown-trigger slds-dropdown-trigger--click"
            id="DataTableExample-2-SLDSDataTableRow-5GJOOOPWU7-SLDSDataTableRowActions"
            onBlur={undefined}
            onClick={[Function]}
            onFocus={null}
            onKeyDown={[Function]}
            onMouseDown={undefined}
            onMouseEnter={null}
            onMouseLeave={null}
          >
            <button
              aria-controls={undefined}
              aria-describedby={undefined}
              aria-expanded={false}
              aria-haspopup={true}
              className="slds-button slds-button--icon-border-filled slds-button--icon-small ignore-click-DataTableExample-2-SLDSDataTableRow-5GJOOOPWU7-SLDSDataTableRowActions slds-button--icon-x-small"
              disabled={false}
              id={undefined}
              onBlur={undefined}
              onClick={[Function]}
              onFocus={undefined}
              onKeyDown={undefined}
              onKeyPress={undefined}
              onKeyUp={undefined}
              onMouseDown={undefined}
              onMouseEnter={undefined}
              onMouseLeave={undefined}
              tabIndex="0"
              title={undefined}
              type="button"
            >
              <svg
                aria-hidden="true"
                className="slds-button__icon slds-button__icon--hint"
              >
                <use
                  xlinkHref="/assets/icons/utility-sprite/svg/symbols.svg#down"
                />
              </svg>
              <span
                className="slds-assistive-text"
              >
                Actions
              </span>
            </button>
          </div>
        </td>
      </tr>
      <tr
        className="slds-hint-parent slds-is-selected"
      >
        <td
          className="slds-text-align--right"
          data-label="Select Row"
          role="gridcell"
          style={
            Object {
              "width": "3.25rem",
            }
          }
        >
          <div
            className="slds-form-element"
          >
            <div
              className="slds-form-element__control"
            >
              <span
                className="slds-checkbox"
              >
                <input
                  aria-controls={undefined}
                  aria-describedby={undefined}
                  aria-owns={undefined}
                  aria-required={undefined}
                  checked={true}
                  disabled={undefined}
                  id="DataTableExample-2-SLDSDataTableRow-8IKZHZZV81-SelectRow"
                  name="SelectRow"
                  onBlur={undefined}
                  onChange={[Function]}
                  onFocus={undefined}
                  onKeyDown={undefined}
                  onKeyPress={undefined}
                  onKeyUp={undefined}
                  required={undefined}
                  role={undefined}
                  type="checkbox"
                />
                <label
                  className="slds-checkbox__label"
                  htmlFor="DataTableExample-2-SLDSDataTableRow-8IKZHZZV81-SelectRow"
                >
                  <span
                    className="slds-checkbox--faux"
                  />
                  <span
                    className="slds-assistive-text"
                  >
                    Select row
                  </span>
                </label>
              </span>
            </div>
          </div>
        </td>
        <th
          className={null}
          role="gridcell"
          style={
            Object {
              "width": "10rem",
            }
          }
        >
          <div
            className="slds-truncate"
            title="salesforce.com - 1,000 Widgets"
          >
            <a
              href="javascript:void(0);"
              onClick={[Function]}
            >
              salesforce.com - 1,000 Widgets
            </a>
          </div>
        </th>
        <td
          className={null}
          role="gridcell"
          style={
            Object {
              "width": "8rem",
            }
          }
        >
          <div
            className="slds-truncate"
            title="salesforce.com"
          >
            salesforce.com
          </div>
        </td>
        <td
          className={null}
          role="gridcell"
          style={null}
        >
          <div
            className="slds-truncate"
            title="1/31/15 3:45PM"
          >
            1/31/15 3:45PM
          </div>
        </td>
        <td
          className={null}
          role="gridcell"
          style={null}
        >
          <div
            className="slds-truncate"
            title="Id. Decision Makers"
          >
            Id. Decision Makers
          </div>
        </td>
        <td
          className={null}
          role="gridcell"
          style={null}
        >
          <div
            className="slds-truncate"
            title="60%"
          >
            60%
          </div>
        </td>
        <td
          className={null}
          role="gridcell"
          style={null}
        >
          <div
            className="slds-truncate"
            title="$25,000"
          >
            $25,000
          </div>
        </td>
        <td
          className={null}
          role="gridcell"
          style={null}
        >
          <div
            className="slds-truncate"
            title="nathan@salesforce.com"
          >
            <a
              href="javascript:void(0);"
              onClick={[Function]}
            >
              nathan@salesforce.com
            </a>
          </div>
        </td>
        <td
          className=""
          data-label="Actions"
          onClick={[Function]}
          style={
            Object {
              "width": "3.25rem",
            }
          }
        >
          <div
            className="slds-dropdown-trigger slds-dropdown-trigger--click"
            id="DataTableExample-2-SLDSDataTableRow-8IKZHZZV81-SLDSDataTableRowActions"
            onBlur={undefined}
            onClick={[Function]}
            onFocus={null}
            onKeyDown={[Function]}
            onMouseDown={undefined}
            onMouseEnter={null}
            onMouseLeave={null}
          >
            <button
              aria-controls={undefined}
              aria-describedby={undefined}
              aria-expanded={false}
              aria-haspopup={true}
              className="slds-button slds-button--icon-border-filled slds-button--icon-small ignore-click-DataTableExample-2-SLDSDataTableRow-8IKZHZZV81-SLDSDataTableRowActions slds-button--icon-x-small"
              disabled={false}
              id={undefined}
              onBlur={undefined}
              onClick={[Function]}
              onFocus={undefined}
              onKeyDown={undefined}
              onKeyPress={undefined}
              onKeyUp={undefined}
              onMouseDown={undefined}
              onMouseEnter={undefined}
              onMouseLeave={undefined}
              tabIndex="0"
              title={undefined}
              type="button"
            >
              <svg
                aria-hidden="true"
                className="slds-button__icon slds-button__icon--hint"
              >
                <use
                  xlinkHref="/assets/icons/utility-sprite/svg/symbols.svg#down"
                />
              </svg>
              <span
                className="slds-assistive-text"
              >
                Actions
              </span>
            </button>
          </div>
        </td>
      </tr>
    </tbody>
  </table>
</div>
`;

exports[`DOM & HTML Snapshots 4`] = `
"<div>
  <table class=\\"slds-table slds-table--fixed-layout slds-table--bordered\\" id=\\"DataTableExample-2\\" role=\\"grid\\">
    <thead>
      <tr class=\\"slds-text-title--caps\\">
        <th class=\\"slds-text-align--right\\" scope=\\"col\\" style=\\"width:3.25rem;\\">
          <div class=\\"slds-th__action slds-th__action--form\\">
            <div class=\\"slds-form-element\\">
              <div class=\\"slds-form-element__control\\"><span class=\\"slds-checkbox\\"><input type=\\"checkbox\\" id=\\"DataTableExample-2-SLDSDataTableHead-SelectAll\\" name=\\"SelectAll\\"/><label class=\\"slds-checkbox__label\\" for=\\"DataTableExample-2-SLDSDataTableHead-SelectAll\\"><span class=\\"slds-checkbox--faux\\"></span>
                <span
                  class=\\"slds-assistive-text\\">Select all rows</span>
                  </label>
                  </span>
              </div>
            </div>
          </div>
        </th>
        <th aria-sort=\\"ascending\\" class=\\"slds-is-sortable slds-is-sorted\\" focusable=\\"true\\" scope=\\"col\\" style=\\"width:10rem;\\"><a href=\\"javascript:void(0)\\" class=\\"slds-th__action slds-text-link--reset\\" tabindex=\\"0\\"><span class=\\"slds-assistive-text\\">Sort </span><span class=\\"slds-truncate\\" title=\\"Name\\">Name</span><span><svg aria-hidden=\\"true\\" class=\\"slds-is-sortable__icon slds-icon slds-icon--x-small slds-icon-text-default\\"><use xlink:href=\\"/assets/icons/utility-sprite/svg/symbols.svg#arrowup\\"></use></svg></span><span class=\\"slds-assistive-text\\" aria-live=\\"assertive\\" aria-atomic=\\"true\\">Sorted Ascending</span></a></th>
        <th
          class=\\"\\" scope=\\"col\\" style=\\"width:8rem;\\">
          <div class=\\"slds-truncate\\">Account Name</div>
          </th>
          <th class=\\"\\" scope=\\"col\\">
            <div class=\\"slds-truncate\\">Close Date</div>
          </th>
          <th class=\\"\\" scope=\\"col\\">
            <div class=\\"slds-truncate\\">Stage</div>
          </th>
          <th class=\\"slds-is-sortable\\" focusable=\\"true\\" scope=\\"col\\"><a href=\\"javascript:void(0)\\" class=\\"slds-th__action slds-text-link--reset\\" tabindex=\\"0\\"><span class=\\"slds-assistive-text\\">Sort </span><span class=\\"slds-truncate\\" title=\\"Confidence\\">Confidence</span><span><svg aria-hidden=\\"true\\" class=\\"slds-is-sortable__icon slds-icon slds-icon--x-small slds-icon-text-default\\"><use xlink:href=\\"/assets/icons/utility-sprite/svg/symbols.svg#arrowup\\"></use></svg></span></a></th>
          <th
            class=\\"\\" scope=\\"col\\">
            <div class=\\"slds-truncate\\">Amount</div>
            </th>
            <th class=\\"\\" scope=\\"col\\">
              <div class=\\"slds-truncate\\">Contact</div>
            </th>
            <th scope=\\"col\\" style=\\"width:3.25rem;\\">
              <div class=\\"slds-th__action\\"><span class=\\"slds-assistive-text\\">Actions</span></div>
            </th>
      </tr>
    </thead>
    <tbody>
      <tr class=\\"slds-hint-parent\\">
        <td role=\\"gridcell\\" class=\\"slds-text-align--right\\" data-label=\\"Select Row\\" style=\\"width:3.25rem;\\">
          <div class=\\"slds-form-element\\">
            <div class=\\"slds-form-element__control\\"><span class=\\"slds-checkbox\\"><input type=\\"checkbox\\" id=\\"DataTableExample-2-SLDSDataTableRow-8IKZHZZV80-SelectRow\\" name=\\"SelectRow\\"/><label class=\\"slds-checkbox__label\\" for=\\"DataTableExample-2-SLDSDataTableRow-8IKZHZZV80-SelectRow\\"><span class=\\"slds-checkbox--faux\\"></span>
              <span
                class=\\"slds-assistive-text\\">Select row</span>
                </label>
                </span>
            </div>
          </div>
        </td>
        <th role=\\"gridcell\\" style=\\"width:10rem;\\">
          <div class=\\"slds-truncate\\" title=\\"Acme - 1,200 Widgets\\"><a href=\\"javascript:void(0);\\">Acme - 1,200 Widgets</a></div>
        </th>
        <td role=\\"gridcell\\" style=\\"width:8rem;\\">
          <div class=\\"slds-truncate\\" title=\\"Acme\\">Acme</div>
        </td>
        <td role=\\"gridcell\\">
          <div class=\\"slds-truncate\\" title=\\"4/10/15\\">4/10/15</div>
        </td>
        <td role=\\"gridcell\\">
          <div class=\\"slds-truncate\\" title=\\"Value Proposition\\">Value Proposition</div>
        </td>
        <td role=\\"gridcell\\">
          <div class=\\"slds-truncate\\" title=\\"70%\\">70%</div>
        </td>
        <td role=\\"gridcell\\">
          <div class=\\"slds-truncate\\" title=\\"$25,000,000\\">$25,000,000</div>
        </td>
        <td role=\\"gridcell\\">
          <div class=\\"slds-truncate\\" title=\\"jrogers@acme.com\\"><a href=\\"javascript:void(0);\\">jrogers@acme.com</a></div>
        </td>
        <td class=\\"\\" data-label=\\"Actions\\" style=\\"width:3.25rem;\\">
          <div class=\\"slds-dropdown-trigger slds-dropdown-trigger--click\\" id=\\"DataTableExample-2-SLDSDataTableRow-8IKZHZZV80-SLDSDataTableRowActions\\"><button aria-expanded=\\"false\\" aria-haspopup=\\"true\\" class=\\"slds-button slds-button--icon-border-filled slds-button--icon-small ignore-click-DataTableExample-2-SLDSDataTableRow-8IKZHZZV80-SLDSDataTableRowActions slds-button--icon-x-small\\" tabindex=\\"0\\"
              type=\\"button\\"><svg aria-hidden=\\"true\\" class=\\"slds-button__icon slds-button__icon--hint\\"><use xlink:href=\\"/assets/icons/utility-sprite/svg/symbols.svg#down\\"></use></svg><span class=\\"slds-assistive-text\\">Actions</span></button></div>
        </td>
      </tr>
      <tr class=\\"slds-hint-parent\\">
        <td role=\\"gridcell\\" class=\\"slds-text-align--right\\" data-label=\\"Select Row\\" style=\\"width:3.25rem;\\">
          <div class=\\"slds-form-element\\">
            <div class=\\"slds-form-element__control\\"><span class=\\"slds-checkbox\\"><input type=\\"checkbox\\" id=\\"DataTableExample-2-SLDSDataTableRow-5GJOOOPWU7-SelectRow\\" name=\\"SelectRow\\"/><label class=\\"slds-checkbox__label\\" for=\\"DataTableExample-2-SLDSDataTableRow-5GJOOOPWU7-SelectRow\\"><span class=\\"slds-checkbox--faux\\"></span>
              <span
                class=\\"slds-assistive-text\\">Select row</span>
                </label>
                </span>
            </div>
          </div>
        </td>
        <th role=\\"gridcell\\" style=\\"width:10rem;\\">
          <div class=\\"slds-truncate\\" title=\\"Acme - 200 Widgets\\"><a href=\\"javascript:void(0);\\">Acme - 200 Widgets</a></div>
        </th>
        <td role=\\"gridcell\\" style=\\"width:8rem;\\">
          <div class=\\"slds-truncate\\" title=\\"Acme\\">Acme</div>
        </td>
        <td role=\\"gridcell\\">
          <div class=\\"slds-truncate\\" title=\\"1/31/15\\">1/31/15</div>
        </td>
        <td role=\\"gridcell\\">
          <div class=\\"slds-truncate\\" title=\\"Prospecting\\">Prospecting</div>
        </td>
        <td role=\\"gridcell\\">
          <div class=\\"slds-truncate\\" title=\\"30%\\">30%</div>
        </td>
        <td role=\\"gridcell\\">
          <div class=\\"slds-truncate\\" title=\\"$5,000,000\\">$5,000,000</div>
        </td>
        <td role=\\"gridcell\\">
          <div class=\\"slds-truncate\\" title=\\"bob@acme.com\\"><a href=\\"javascript:void(0);\\">bob@acme.com</a></div>
        </td>
        <td class=\\"\\" data-label=\\"Actions\\" style=\\"width:3.25rem;\\">
          <div class=\\"slds-dropdown-trigger slds-dropdown-trigger--click\\" id=\\"DataTableExample-2-SLDSDataTableRow-5GJOOOPWU7-SLDSDataTableRowActions\\"><button aria-expanded=\\"false\\" aria-haspopup=\\"true\\" class=\\"slds-button slds-button--icon-border-filled slds-button--icon-small ignore-click-DataTableExample-2-SLDSDataTableRow-5GJOOOPWU7-SLDSDataTableRowActions slds-button--icon-x-small\\" tabindex=\\"0\\"
              type=\\"button\\"><svg aria-hidden=\\"true\\" class=\\"slds-button__icon slds-button__icon--hint\\"><use xlink:href=\\"/assets/icons/utility-sprite/svg/symbols.svg#down\\"></use></svg><span class=\\"slds-assistive-text\\">Actions</span></button></div>
        </td>
      </tr>
      <tr class=\\"slds-hint-parent slds-is-selected\\">
        <td role=\\"gridcell\\" class=\\"slds-text-align--right\\" data-label=\\"Select Row\\" style=\\"width:3.25rem;\\">
          <div class=\\"slds-form-element\\">
            <div class=\\"slds-form-element__control\\"><span class=\\"slds-checkbox\\"><input type=\\"checkbox\\" checked=\\"\\" id=\\"DataTableExample-2-SLDSDataTableRow-8IKZHZZV81-SelectRow\\" name=\\"SelectRow\\"/><label class=\\"slds-checkbox__label\\" for=\\"DataTableExample-2-SLDSDataTableRow-8IKZHZZV81-SelectRow\\"><span class=\\"slds-checkbox--faux\\"></span>
              <span
                class=\\"slds-assistive-text\\">Select row</span>
                </label>
                </span>
            </div>
          </div>
        </td>
        <th role=\\"gridcell\\" style=\\"width:10rem;\\">
          <div class=\\"slds-truncate\\" title=\\"salesforce.com - 1,000 Widgets\\"><a href=\\"javascript:void(0);\\">salesforce.com - 1,000 Widgets</a></div>
        </th>
        <td role=\\"gridcell\\" style=\\"width:8rem;\\">
          <div class=\\"slds-truncate\\" title=\\"salesforce.com\\">salesforce.com</div>
        </td>
        <td role=\\"gridcell\\">
          <div class=\\"slds-truncate\\" title=\\"1/31/15 3:45PM\\">1/31/15 3:45PM</div>
        </td>
        <td role=\\"gridcell\\">
          <div class=\\"slds-truncate\\" title=\\"Id. Decision Makers\\">Id. Decision Makers</div>
        </td>
        <td role=\\"gridcell\\">
          <div class=\\"slds-truncate\\" title=\\"60%\\">60%</div>
        </td>
        <td role=\\"gridcell\\">
          <div class=\\"slds-truncate\\" title=\\"$25,000\\">$25,000</div>
        </td>
        <td role=\\"gridcell\\">
          <div class=\\"slds-truncate\\" title=\\"nathan@salesforce.com\\"><a href=\\"javascript:void(0);\\">nathan@salesforce.com</a></div>
        </td>
        <td class=\\"\\" data-label=\\"Actions\\" style=\\"width:3.25rem;\\">
          <div class=\\"slds-dropdown-trigger slds-dropdown-trigger--click\\" id=\\"DataTableExample-2-SLDSDataTableRow-8IKZHZZV81-SLDSDataTableRowActions\\"><button aria-expanded=\\"false\\" aria-haspopup=\\"true\\" class=\\"slds-button slds-button--icon-border-filled slds-button--icon-small ignore-click-DataTableExample-2-SLDSDataTableRow-8IKZHZZV81-SLDSDataTableRowActions slds-button--icon-x-small\\" tabindex=\\"0\\"
              type=\\"button\\"><svg aria-hidden=\\"true\\" class=\\"slds-button__icon slds-button__icon--hint\\"><use xlink:href=\\"/assets/icons/utility-sprite/svg/symbols.svg#down\\"></use></svg><span class=\\"slds-assistive-text\\">Actions</span></button></div>
        </td>
      </tr>
    </tbody>
  </table>
</div>"
`;
